// Vitest Snapshot v1, https://vitest.dev/guide/snapshot.html

exports[`public /v1 contract surface (frozen) > matches the committed JSON-schema snapshot 1`] = `
{
  "GET /health": {
    "response": {
      "$schema": "http://json-schema.org/draft-07/schema#",
      "additionalProperties": false,
      "properties": {
        "featureLlm": {
          "type": "boolean",
        },
        "model": {
          "additionalProperties": false,
          "properties": {
            "baseUrl": {
              "type": "string",
            },
            "chatModel": {
              "type": "string",
            },
            "embeddingModel": {
              "type": [
                "string",
                "null",
              ],
            },
            "model": {
              "type": "string",
            },
            "provider": {
              "type": "string",
            },
            "runtimeMaxOutputTokens": {
              "minimum": 1,
              "type": "integer",
            },
            "runtimeModel": {
              "type": "string",
            },
            "runtimeModelBaseUrl": {
              "type": "string",
            },
            "runtimeReasoningEffort": {
              "enum": [
                "low",
                "medium",
                "high",
              ],
              "type": "string",
            },
            "structuredOutputModel": {
              "type": "string",
            },
          },
          "required": [
            "provider",
            "model",
            "baseUrl",
            "chatModel",
            "structuredOutputModel",
            "embeddingModel",
          ],
          "type": "object",
        },
        "retrieve": {
          "additionalProperties": false,
          "properties": {
            "embeddingCandidateLimit": {
              "minimum": 1,
              "type": "integer",
            },
            "useEmbeddings": {
              "type": "boolean",
            },
            "useVectorSearch": {
              "type": "boolean",
            },
          },
          "required": [
            "useEmbeddings",
            "embeddingCandidateLimit",
          ],
          "type": "object",
        },
        "status": {
          "const": "ok",
          "type": "string",
        },
        "workingMemory": {
          "additionalProperties": false,
          "properties": {
            "enabled": {
              "type": "boolean",
            },
            "maxItemsPerField": {
              "minimum": 1,
              "type": "integer",
            },
            "maxRecentTurns": {
              "minimum": 1,
              "type": "integer",
            },
            "useLlm": {
              "type": "boolean",
            },
          },
          "required": [
            "enabled",
            "useLlm",
            "maxRecentTurns",
            "maxItemsPerField",
          ],
          "type": "object",
        },
      },
      "required": [
        "status",
      ],
      "type": "object",
    },
  },
  "GET /reminders": {
    "response": {
      "$schema": "http://json-schema.org/draft-07/schema#",
      "additionalProperties": false,
      "properties": {
        "items": {
          "items": {
            "additionalProperties": false,
            "properties": {
              "createdAt": {
                "type": "string",
              },
              "dueAt": {
                "type": "string",
              },
              "id": {
                "format": "uuid",
                "type": "string",
              },
              "scopeId": {
                "anyOf": [
                  {
                    "format": "uuid",
                    "type": "string",
                  },
                  {
                    "type": "null",
                  },
                ],
              },
              "status": {
                "enum": [
                  "scheduled",
                  "sent",
                  "cancelled",
                ],
                "type": "string",
              },
              "text": {
                "type": "string",
              },
            },
            "required": [
              "id",
              "scopeId",
              "dueAt",
              "text",
              "status",
              "createdAt",
            ],
            "type": "object",
          },
          "type": "array",
        },
        "nextCursor": {
          "type": [
            "string",
            "null",
          ],
        },
      },
      "required": [
        "items",
        "nextCursor",
      ],
      "type": "object",
    },
  },
  "GET /scopes": {
    "response": {
      "$schema": "http://json-schema.org/draft-07/schema#",
      "additionalProperties": false,
      "properties": {
        "items": {
          "items": {
            "additionalProperties": false,
            "properties": {
              "createdAt": {
                "type": "string",
              },
              "goal": {
                "type": [
                  "string",
                  "null",
                ],
              },
              "id": {
                "format": "uuid",
                "type": "string",
              },
              "name": {
                "type": "string",
              },
              "stage": {
                "enum": [
                  "idea",
                  "build",
                  "test",
                  "launch",
                ],
                "type": "string",
              },
            },
            "required": [
              "id",
              "name",
              "goal",
              "stage",
              "createdAt",
            ],
            "type": "object",
          },
          "type": "array",
        },
      },
      "required": [
        "items",
      ],
      "type": "object",
    },
  },
  "GET /state": {
    "response": {
      "$schema": "http://json-schema.org/draft-07/schema#",
      "additionalProperties": false,
      "properties": {
        "activeScopeId": {
          "anyOf": [
            {
              "format": "uuid",
              "type": "string",
            },
            {
              "type": "null",
            },
          ],
        },
      },
      "required": [
        "activeScopeId",
      ],
      "type": "object",
    },
  },
  "POST /memory/answer": {
    "request": {
      "$schema": "http://json-schema.org/draft-07/schema#",
      "additionalProperties": false,
      "properties": {
        "question": {
          "minLength": 1,
          "type": "string",
        },
        "scopeId": {
          "format": "uuid",
          "type": "string",
        },
      },
      "required": [
        "scopeId",
        "question",
      ],
      "type": "object",
    },
    "response": {
      "$schema": "http://json-schema.org/draft-07/schema#",
      "additionalProperties": false,
      "properties": {
        "answer": {
          "type": "string",
        },
        "evidence": {
          "additionalProperties": false,
          "properties": {
            "digestIds": {
              "items": {
                "type": "string",
              },
              "type": "array",
            },
            "digestSummary": {
              "type": [
                "string",
                "null",
              ],
            },
            "eventIds": {
              "items": {
                "type": "string",
              },
              "type": "array",
            },
            "eventSnippets": {
              "items": {
                "additionalProperties": false,
                "properties": {
                  "createdAt": {
                    "type": "string",
                  },
                  "embeddingScore": {
                    "type": "number",
                  },
                  "finalScore": {
                    "type": "number",
                  },
                  "heuristicScore": {
                    "type": "number",
                  },
                  "id": {
                    "type": "string",
                  },
                  "key": {
                    "type": [
                      "string",
                      "null",
                    ],
                  },
                  "rankingReason": {
                    "type": "string",
                  },
                  "recencyScore": {
                    "type": "number",
                  },
                  "snippet": {
                    "type": "string",
                  },
                  "sourceType": {
                    "enum": [
                      "stream",
                      "document",
                    ],
                    "type": "string",
                  },
                },
                "required": [
                  "id",
                  "createdAt",
                  "snippet",
                ],
                "type": "object",
              },
              "type": "array",
            },
            "stateDetails": {
              "anyOf": [
                {
                  "additionalProperties": false,
                  "properties": {
                    "confidence": {
                      "additionalProperties": false,
                      "properties": {
                        "constraints": {
                          "items": {
                            "additionalProperties": false,
                            "properties": {
                              "score": {
                                "maximum": 1,
                                "minimum": 0,
                                "type": "number",
                              },
                              "value": {
                                "type": "string",
                              },
                            },
                            "required": [
                              "value",
                              "score",
                            ],
                            "type": "object",
                          },
                          "type": "array",
                        },
                        "decisions": {
                          "items": {
                            "additionalProperties": false,
                            "properties": {
                              "score": {
                                "maximum": 1,
                                "minimum": 0,
                                "type": "number",
                              },
                              "value": {
                                "type": "string",
                              },
                            },
                            "required": [
                              "value",
                              "score",
                            ],
                            "type": "object",
                          },
                          "type": "array",
                        },
                        "goal": {
                          "maximum": 1,
                          "minimum": 0,
                          "type": "number",
                        },
                        "todos": {
                          "items": {
                            "additionalProperties": false,
                            "properties": {
                              "score": {
                                "maximum": 1,
                                "minimum": 0,
                                "type": "number",
                              },
                              "value": {
                                "type": "string",
                              },
                            },
                            "required": [
                              "value",
                              "score",
                            ],
                            "type": "object",
                          },
                          "type": "array",
                        },
                      },
                      "type": "object",
                    },
                    "constraints": {
                      "items": {
                        "type": "string",
                      },
                      "type": "array",
                    },
                    "digestId": {
                      "type": [
                        "string",
                        "null",
                      ],
                    },
                    "goal": {
                      "type": "string",
                    },
                    "provenanceFields": {
                      "items": {
                        "type": "string",
                      },
                      "type": "array",
                    },
                    "recentChanges": {
                      "items": {
                        "additionalProperties": false,
                        "properties": {
                          "action": {
                            "enum": [
                              "set",
                              "add",
                              "remove",
                              "reaffirm",
                            ],
                            "type": "string",
                          },
                          "field": {
                            "enum": [
                              "goal",
                              "constraints",
                              "decisions",
                              "todos",
                              "volatileContext",
                              "openQuestions",
                              "risks",
                            ],
                            "type": "string",
                          },
                          "value": {
                            "type": "string",
                          },
                        },
                        "type": "object",
                      },
                      "type": "array",
                    },
                    "risks": {
                      "items": {
                        "type": "string",
                      },
                      "type": "array",
                    },
                    "todos": {
                      "items": {
                        "type": "string",
                      },
                      "type": "array",
                    },
                    "transitionTaxonomy": {
                      "additionalProperties": {
                        "type": "number",
                      },
                      "type": "object",
                    },
                  },
                  "required": [
                    "digestId",
                  ],
                  "type": "object",
                },
                {
                  "type": "null",
                },
              ],
            },
            "stateRefs": {
              "items": {
                "type": "string",
              },
              "type": "array",
            },
            "stateSummary": {
              "type": [
                "string",
                "null",
              ],
            },
          },
          "required": [
            "digestIds",
            "eventIds",
            "stateRefs",
          ],
          "type": "object",
        },
      },
      "required": [
        "answer",
      ],
      "type": "object",
    },
  },
  "POST /memory/digest": {
    "request": {
      "$schema": "http://json-schema.org/draft-07/schema#",
      "additionalProperties": false,
      "properties": {
        "scopeId": {
          "format": "uuid",
          "type": "string",
        },
      },
      "required": [
        "scopeId",
      ],
      "type": "object",
    },
    "response": {
      "$schema": "http://json-schema.org/draft-07/schema#",
      "additionalProperties": false,
      "properties": {
        "jobId": {
          "type": "string",
        },
      },
      "required": [
        "jobId",
      ],
      "type": "object",
    },
  },
  "POST /memory/events": {
    "request": {
      "$schema": "http://json-schema.org/draft-07/schema#",
      "additionalProperties": false,
      "properties": {
        "content": {
          "minLength": 1,
          "type": "string",
        },
        "key": {
          "minLength": 1,
          "type": "string",
        },
        "scopeId": {
          "format": "uuid",
          "type": "string",
        },
        "source": {
          "enum": [
            "telegram",
            "cli",
            "api",
            "sdk",
          ],
          "type": "string",
        },
        "type": {
          "enum": [
            "stream",
            "document",
          ],
          "type": "string",
        },
      },
      "required": [
        "scopeId",
        "type",
        "content",
      ],
      "type": "object",
    },
    "response": {
      "$schema": "http://json-schema.org/draft-07/schema#",
      "additionalProperties": false,
      "properties": {
        "content": {
          "type": "string",
        },
        "createdAt": {
          "type": "string",
        },
        "id": {
          "format": "uuid",
          "type": "string",
        },
        "key": {
          "type": [
            "string",
            "null",
          ],
        },
        "scopeId": {
          "format": "uuid",
          "type": "string",
        },
        "source": {
          "enum": [
            "telegram",
            "cli",
            "api",
            "sdk",
          ],
          "type": "string",
        },
        "type": {
          "enum": [
            "stream",
            "document",
          ],
          "type": "string",
        },
        "updatedAt": {
          "type": [
            "string",
            "null",
          ],
        },
        "userId": {
          "format": "uuid",
          "type": "string",
        },
      },
      "required": [
        "id",
        "userId",
        "scopeId",
        "type",
        "source",
        "key",
        "content",
        "createdAt",
        "updatedAt",
      ],
      "type": "object",
    },
  },
  "POST /memory/retrieve": {
    "request": {
      "$schema": "http://json-schema.org/draft-07/schema#",
      "additionalProperties": false,
      "properties": {
        "limit": {
          "maximum": 100,
          "minimum": 1,
          "type": "integer",
        },
        "query": {
          "minLength": 1,
          "type": "string",
        },
        "scopeId": {
          "format": "uuid",
          "type": "string",
        },
      },
      "required": [
        "scopeId",
      ],
      "type": "object",
    },
    "response": {
      "$schema": "http://json-schema.org/draft-07/schema#",
      "additionalProperties": false,
      "properties": {
        "digest": {
          "type": [
            "string",
            "null",
          ],
        },
        "events": {
          "items": {
            "additionalProperties": false,
            "properties": {
              "content": {
                "type": "string",
              },
              "createdAt": {
                "type": "string",
              },
              "id": {
                "format": "uuid",
                "type": "string",
              },
            },
            "required": [
              "id",
              "content",
              "createdAt",
            ],
            "type": "object",
          },
          "type": "array",
        },
        "factRegistry": {
          "items": {
            "additionalProperties": false,
            "properties": {
              "addedAt": {
                "type": "string",
              },
              "confidence": {
                "maximum": 1,
                "minimum": 0,
                "type": "number",
              },
              "content": {
                "type": "string",
              },
              "evidenceId": {
                "type": "string",
              },
              "evidenceType": {
                "enum": [
                  "event",
                  "document",
                ],
                "type": "string",
              },
              "facet": {
                "type": "string",
              },
              "id": {
                "type": "string",
              },
              "supersededBy": {
                "type": "string",
              },
              "type": {
                "enum": [
                  "decision",
                  "constraint",
                  "profile",
                ],
                "type": "string",
              },
            },
            "required": [
              "id",
              "content",
              "type",
              "confidence",
              "addedAt",
              "evidenceId",
              "evidenceType",
            ],
            "type": "object",
          },
          "type": "array",
        },
        "retrieval": {
          "additionalProperties": false,
          "properties": {
            "candidateCount": {
              "minimum": 0,
              "type": "integer",
            },
            "embeddingCandidateLimit": {
              "minimum": 1,
              "type": "integer",
            },
            "embeddingConfigured": {
              "type": "boolean",
            },
            "embeddingRequested": {
              "type": "boolean",
            },
            "matches": {
              "items": {
                "additionalProperties": false,
                "properties": {
                  "embeddingScore": {
                    "type": "number",
                  },
                  "finalScore": {
                    "type": "number",
                  },
                  "heuristicScore": {
                    "type": "number",
                  },
                  "id": {
                    "format": "uuid",
                    "type": "string",
                  },
                  "key": {
                    "type": [
                      "string",
                      "null",
                    ],
                  },
                  "rankingReason": {
                    "type": "string",
                  },
                  "recencyScore": {
                    "type": "number",
                  },
                  "sourceType": {
                    "enum": [
                      "stream",
                      "document",
                    ],
                    "type": "string",
                  },
                },
                "required": [
                  "id",
                  "sourceType",
                  "heuristicScore",
                  "recencyScore",
                  "finalScore",
                  "rankingReason",
                ],
                "type": "object",
              },
              "type": "array",
            },
            "mode": {
              "enum": [
                "heuristic",
                "hybrid",
              ],
              "type": "string",
            },
            "reranked": {
              "type": "boolean",
            },
            "returnedCount": {
              "minimum": 0,
              "type": "integer",
            },
          },
          "required": [
            "mode",
            "embeddingRequested",
            "embeddingConfigured",
            "reranked",
            "candidateCount",
            "returnedCount",
            "matches",
          ],
          "type": "object",
        },
      },
      "required": [
        "digest",
        "events",
        "factRegistry",
      ],
      "type": "object",
    },
  },
  "POST /memory/runtime/turn": {
    "request": {
      "$schema": "http://json-schema.org/draft-07/schema#",
      "additionalProperties": false,
      "properties": {
        "digestMode": {
          "enum": [
            "auto",
            "force",
            "skip",
          ],
          "type": "string",
        },
        "documentKey": {
          "minLength": 1,
          "type": "string",
        },
        "message": {
          "minLength": 1,
          "type": "string",
        },
        "metadata": {
          "additionalProperties": {},
          "type": "object",
        },
        "policyOverrides": {
          "additionalProperties": false,
          "properties": {
            "digestOnCandidate": {
              "type": "boolean",
            },
            "promoteLongFormToDocumented": {
              "type": "boolean",
            },
            "recallLimit": {
              "maximum": 100,
              "minimum": 1,
              "type": "integer",
            },
          },
          "type": "object",
        },
        "policyProfile": {
          "enum": [
            "default",
            "conservative",
            "document-heavy",
          ],
          "type": "string",
        },
        "scopeId": {
          "format": "uuid",
          "type": "string",
        },
        "source": {
          "enum": [
            "telegram",
            "cli",
            "api",
            "sdk",
          ],
          "type": "string",
        },
        "writeTier": {
          "enum": [
            "ephemeral",
            "candidate",
            "stable",
            "documented",
          ],
          "type": "string",
        },
      },
      "required": [
        "scopeId",
        "message",
      ],
      "type": "object",
    },
    "response": {
      "$schema": "http://json-schema.org/draft-07/schema#",
      "additionalProperties": false,
      "properties": {
        "answer": {
          "type": "string",
        },
        "answerMode": {
          "enum": [
            "direct_state_fast_path",
            "llm_fast_path",
          ],
          "type": "string",
        },
        "digestTriggered": {
          "type": "boolean",
        },
        "evidence": {
          "additionalProperties": false,
          "properties": {
            "digestIds": {
              "items": {
                "type": "string",
              },
              "type": "array",
            },
            "digestSummary": {
              "type": [
                "string",
                "null",
              ],
            },
            "eventIds": {
              "items": {
                "type": "string",
              },
              "type": "array",
            },
            "eventSnippets": {
              "items": {
                "additionalProperties": false,
                "properties": {
                  "createdAt": {
                    "type": "string",
                  },
                  "embeddingScore": {
                    "type": "number",
                  },
                  "finalScore": {
                    "type": "number",
                  },
                  "heuristicScore": {
                    "type": "number",
                  },
                  "id": {
                    "type": "string",
                  },
                  "key": {
                    "type": [
                      "string",
                      "null",
                    ],
                  },
                  "rankingReason": {
                    "type": "string",
                  },
                  "recencyScore": {
                    "type": "number",
                  },
                  "snippet": {
                    "type": "string",
                  },
                  "sourceType": {
                    "enum": [
                      "stream",
                      "document",
                    ],
                    "type": "string",
                  },
                },
                "required": [
                  "id",
                  "createdAt",
                  "snippet",
                ],
                "type": "object",
              },
              "type": "array",
            },
            "stateDetails": {
              "anyOf": [
                {
                  "additionalProperties": false,
                  "properties": {
                    "confidence": {
                      "additionalProperties": false,
                      "properties": {
                        "constraints": {
                          "items": {
                            "additionalProperties": false,
                            "properties": {
                              "score": {
                                "maximum": 1,
                                "minimum": 0,
                                "type": "number",
                              },
                              "value": {
                                "type": "string",
                              },
                            },
                            "required": [
                              "value",
                              "score",
                            ],
                            "type": "object",
                          },
                          "type": "array",
                        },
                        "decisions": {
                          "items": {
                            "additionalProperties": false,
                            "properties": {
                              "score": {
                                "maximum": 1,
                                "minimum": 0,
                                "type": "number",
                              },
                              "value": {
                                "type": "string",
                              },
                            },
                            "required": [
                              "value",
                              "score",
                            ],
                            "type": "object",
                          },
                          "type": "array",
                        },
                        "goal": {
                          "maximum": 1,
                          "minimum": 0,
                          "type": "number",
                        },
                        "todos": {
                          "items": {
                            "additionalProperties": false,
                            "properties": {
                              "score": {
                                "maximum": 1,
                                "minimum": 0,
                                "type": "number",
                              },
                              "value": {
                                "type": "string",
                              },
                            },
                            "required": [
                              "value",
                              "score",
                            ],
                            "type": "object",
                          },
                          "type": "array",
                        },
                      },
                      "type": "object",
                    },
                    "constraints": {
                      "items": {
                        "type": "string",
                      },
                      "type": "array",
                    },
                    "digestId": {
                      "type": [
                        "string",
                        "null",
                      ],
                    },
                    "goal": {
                      "type": "string",
                    },
                    "provenanceFields": {
                      "items": {
                        "type": "string",
                      },
                      "type": "array",
                    },
                    "recentChanges": {
                      "items": {
                        "additionalProperties": false,
                        "properties": {
                          "action": {
                            "enum": [
                              "set",
                              "add",
                              "remove",
                              "reaffirm",
                            ],
                            "type": "string",
                          },
                          "field": {
                            "enum": [
                              "goal",
                              "constraints",
                              "decisions",
                              "todos",
                              "volatileContext",
                              "openQuestions",
                              "risks",
                            ],
                            "type": "string",
                          },
                          "value": {
                            "type": "string",
                          },
                        },
                        "type": "object",
                      },
                      "type": "array",
                    },
                    "risks": {
                      "items": {
                        "type": "string",
                      },
                      "type": "array",
                    },
                    "todos": {
                      "items": {
                        "type": "string",
                      },
                      "type": "array",
                    },
                    "transitionTaxonomy": {
                      "additionalProperties": {
                        "type": "number",
                      },
                      "type": "object",
                    },
                  },
                  "required": [
                    "digestId",
                  ],
                  "type": "object",
                },
                {
                  "type": "null",
                },
              ],
            },
            "stateRefs": {
              "items": {
                "type": "string",
              },
              "type": "array",
            },
            "stateSummary": {
              "type": [
                "string",
                "null",
              ],
            },
          },
          "required": [
            "digestIds",
            "eventIds",
            "stateRefs",
          ],
          "type": "object",
        },
        "layerAlignment": {
          "additionalProperties": false,
          "properties": {
            "fastPathReady": {
              "type": "boolean",
            },
            "goalAligned": {
              "type": "boolean",
            },
            "sharedConstraintCount": {
              "minimum": 0,
              "type": "integer",
            },
            "sharedDecisionCount": {
              "minimum": 0,
              "type": "integer",
            },
          },
          "required": [
            "goalAligned",
            "sharedConstraintCount",
            "sharedDecisionCount",
            "fastPathReady",
          ],
          "type": "object",
        },
        "notes": {
          "items": {
            "type": "string",
          },
          "type": "array",
        },
        "retrievalPlan": {
          "additionalProperties": false,
          "properties": {
            "cacheHit": {
              "type": "boolean",
            },
            "limit": {
              "minimum": 0,
              "type": "integer",
            },
            "mode": {
              "enum": [
                "none",
                "light",
                "full",
              ],
              "type": "string",
            },
            "query": {
              "type": "string",
            },
            "reason": {
              "type": "string",
            },
          },
          "required": [
            "mode",
            "reason",
            "limit",
          ],
          "type": "object",
        },
        "stableStateVersion": {
          "type": [
            "string",
            "null",
          ],
        },
        "usedFastLayerContextSummary": {
          "type": "string",
        },
        "warnings": {
          "items": {
            "type": "string",
          },
          "type": "array",
        },
        "workingMemoryVersion": {
          "anyOf": [
            {
              "minimum": 0,
              "type": "integer",
            },
            {
              "type": "null",
            },
          ],
        },
        "writeTier": {
          "enum": [
            "ephemeral",
            "candidate",
            "stable",
            "documented",
          ],
          "type": "string",
        },
      },
      "required": [
        "answer",
        "writeTier",
        "digestTriggered",
        "evidence",
      ],
      "type": "object",
    },
  },
  "POST /reminders": {
    "request": {
      "$schema": "http://json-schema.org/draft-07/schema#",
      "additionalProperties": false,
      "properties": {
        "dueAt": {
          "format": "date-time",
          "type": "string",
        },
        "scopeId": {
          "anyOf": [
            {
              "format": "uuid",
              "type": "string",
            },
            {
              "type": "null",
            },
          ],
        },
        "text": {
          "minLength": 1,
          "type": "string",
        },
      },
      "required": [
        "dueAt",
        "text",
      ],
      "type": "object",
    },
    "response": {
      "$schema": "http://json-schema.org/draft-07/schema#",
      "additionalProperties": false,
      "properties": {
        "createdAt": {
          "type": "string",
        },
        "dueAt": {
          "type": "string",
        },
        "id": {
          "format": "uuid",
          "type": "string",
        },
        "scopeId": {
          "anyOf": [
            {
              "format": "uuid",
              "type": "string",
            },
            {
              "type": "null",
            },
          ],
        },
        "status": {
          "enum": [
            "scheduled",
            "sent",
            "cancelled",
          ],
          "type": "string",
        },
        "text": {
          "type": "string",
        },
      },
      "required": [
        "id",
        "scopeId",
        "dueAt",
        "text",
        "status",
        "createdAt",
      ],
      "type": "object",
    },
  },
  "POST /reminders/:id/cancel": {
    "response": {
      "$schema": "http://json-schema.org/draft-07/schema#",
      "additionalProperties": false,
      "properties": {
        "ok": {
          "type": "boolean",
        },
      },
      "required": [
        "ok",
      ],
      "type": "object",
    },
  },
  "POST /scopes": {
    "request": {
      "$schema": "http://json-schema.org/draft-07/schema#",
      "additionalProperties": false,
      "properties": {
        "goal": {
          "minLength": 1,
          "type": "string",
        },
        "name": {
          "minLength": 1,
          "type": "string",
        },
        "stage": {
          "enum": [
            "idea",
            "build",
            "test",
            "launch",
          ],
          "type": "string",
        },
        "template": {
          "enum": [
            "project",
            "personal",
            "health",
            "learning",
          ],
          "type": "string",
        },
      },
      "required": [
        "name",
      ],
      "type": "object",
    },
    "response": {
      "$schema": "http://json-schema.org/draft-07/schema#",
      "additionalProperties": false,
      "properties": {
        "createdAt": {
          "type": "string",
        },
        "goal": {
          "type": [
            "string",
            "null",
          ],
        },
        "id": {
          "format": "uuid",
          "type": "string",
        },
        "name": {
          "type": "string",
        },
        "stage": {
          "enum": [
            "idea",
            "build",
            "test",
            "launch",
          ],
          "type": "string",
        },
      },
      "required": [
        "id",
        "name",
        "goal",
        "stage",
        "createdAt",
      ],
      "type": "object",
    },
  },
  "POST /scopes/:id/active": {
    "response": {
      "$schema": "http://json-schema.org/draft-07/schema#",
      "additionalProperties": false,
      "properties": {
        "activeScopeId": {
          "anyOf": [
            {
              "format": "uuid",
              "type": "string",
            },
            {
              "type": "null",
            },
          ],
        },
      },
      "required": [
        "activeScopeId",
      ],
      "type": "object",
    },
  },
}
`;
